2026-09-10 13:25:23,781 [main] INFO  com.erp.utilities.Log - Launching chrome browser
2026-09-10 13:25:25,475 [main] INFO  com.erp.utilities.Log - Application URL : http://upstaging.upfcerp.com/
2026-09-10 13:25:25,599 [main] INFO  com.erp.utilities.Log - Executing Row : 1
2026-09-10 13:25:27,904 [main] INFO  com.erp.utilities.Log - Valid Login Passed
2026-09-10 13:25:27,931 [main] INFO  com.erp.utilities.Log - Closing Browser
2026-09-10 13:25:29,358 [main] INFO  com.erp.utilities.Log - Launching chrome browser
2026-09-10 13:25:30,548 [main] INFO  com.erp.utilities.Log - Application URL : http://upstaging.upfcerp.com/
2026-09-10 13:25:30,553 [main] INFO  com.erp.utilities.Log - Executing Row : 1
2026-09-10 13:25:32,623 [main] INFO  com.erp.utilities.Log - Valid Login Passed
2026-09-10 13:25:32,642 [main] INFO  com.erp.utilities.Log - Closing Browser
2026-09-10 13:25:34,258 [main] INFO  com.erp.utilities.Log - Launching chrome browser
2026-09-10 13:25:35,370 [main] INFO  com.erp.utilities.Log - Application URL : http://upstaging.upfcerp.com/
2026-09-10 13:25:35,377 [main] INFO  com.erp.utilities.Log - Executing Row : 2
2026-09-10 13:25:41,077 [main] INFO  com.erp.utilities.Log - Invalid Login Passed
2026-09-10 13:25:41,082 [main] INFO  com.erp.utilities.Log - Closing Browser
2026-09-10 13:25:42,734 [main] INFO  com.erp.utilities.Log - Launching chrome browser
2026-09-10 13:25:43,913 [main] INFO  com.erp.utilities.Log - Application URL : http://upstaging.upfcerp.com/
2026-09-10 13:25:43,914 [main] INFO  com.erp.utilities.Log - Executing Row : 3
2026-09-10 13:25:45,593 [main] INFO  com.erp.utilities.Log - Valid Login Passed
2026-09-10 13:25:45,612 [main] INFO  com.erp.utilities.Log - Closing Browser
2026-09-10 13:25:47,123 [main] INFO  com.erp.utilities.Log - Launching chrome browser
2026-09-10 13:25:48,086 [main] INFO  com.erp.utilities.Log - Application URL : http://upstaging.upfcerp.com/
2026-09-10 13:25:48,090 [main] INFO  com.erp.utilities.Log - Executing Row : 3
2026-09-10 13:25:49,904 [main] INFO  com.erp.utilities.Log - Valid Login Passed
2026-09-10 13:25:49,926 [main] INFO  com.erp.utilities.Log - Closing Browser
2026-09-10 13:25:51,383 [main] INFO  com.erp.utilities.Log - Launching chrome browser
2026-09-10 13:25:52,560 [main] INFO  com.erp.utilities.Log - Application URL : http://upstaging.upfcerp.com/
2026-09-10 13:25:52,567 [main] INFO  com.erp.utilities.Log - Executing Row : 4
2026-09-10 13:25:55,513 [main] INFO  com.erp.utilities.Log - Valid Login Passed
2026-09-10 13:25:55,538 [main] INFO  com.erp.utilities.Log - Closing Browser
2026-09-10 13:25:57,078 [main] INFO  com.erp.utilities.Log - Launching chrome browser
2026-09-10 13:25:57,625 [main] INFO  com.erp.utilities.Log - Application URL : http://upstaging.upfcerp.com/
2026-09-10 13:25:57,635 [main] INFO  com.erp.utilities.Log - Executing Row : 4
2026-09-10 13:26:00,468 [main] INFO  com.erp.utilities.Log - Valid Login Passed
2026-09-10 13:26:00,489 [main] INFO  com.erp.utilities.Log - Closing Browser
2026-09-10 13:26:01,972 [main] INFO  com.erp.utilities.Log - Launching chrome browser
2026-09-10 13:26:02,967 [main] INFO  com.erp.utilities.Log - Application URL : http://upstaging.upfcerp.com/
2026-09-10 13:26:02,971 [main] INFO  com.erp.utilities.Log - Executing Row : 5
2026-09-10 13:26:04,765 [main] INFO  com.erp.utilities.Log - Valid Login Passed
2026-09-10 13:26:04,787 [main] INFO  com.erp.utilities.Log - Closing Browser
2026-09-10 13:26:06,538 [main] INFO  com.erp.utilities.Log - Launching chrome browser
2026-09-10 13:26:07,332 [main] INFO  com.erp.utilities.Log - Application URL : http://upstaging.upfcerp.com/
2026-09-10 13:26:07,339 [main] INFO  com.erp.utilities.Log - Executing Row : 5
2026-09-10 13:26:09,712 [main] INFO  com.erp.utilities.Log - Valid Login Passed
2026-09-10 13:26:09,718 [main] INFO  com.erp.utilities.Log - Closing Browser
2026-09-10 13:26:11,567 [main] INFO  com.erp.utilities.Log - Launching chrome browser
2026-09-10 13:26:12,739 [main] INFO  com.erp.utilities.Log - Application URL : http://upstaging.upfcerp.com/
2026-09-10 13:26:12,741 [main] INFO  com.erp.utilities.Log - Executing Row : 6
2026-09-10 13:26:18,262 [main] INFO  com.erp.utilities.Log - Invalid Login Passed
2026-09-10 13:26:18,277 [main] INFO  com.erp.utilities.Log - Closing Browser
2026-09-10 13:26:19,534 [main] INFO  com.erp.utilities.Log - Launching chrome browser
2026-09-10 13:26:20,666 [main] INFO  com.erp.utilities.Log - Application URL : http://upstaging.upfcerp.com/
2026-09-10 13:26:20,668 [main] INFO  com.erp.utilities.Log - Executing Row : 7
2026-09-10 13:26:22,585 [main] INFO  com.erp.utilities.Log - Valid Login Passed
2026-09-10 13:26:22,617 [main] INFO  com.erp.utilities.Log - Closing Browser
2026-09-10 13:26:24,097 [main] INFO  com.erp.utilities.Log - Launching chrome browser
2026-09-10 13:26:25,000 [main] INFO  com.erp.utilities.Log - Application URL : http://upstaging.upfcerp.com/
2026-09-10 13:26:25,004 [main] INFO  com.erp.utilities.Log - Executing Row : 7
2026-09-10 13:26:26,595 [main] INFO  com.erp.utilities.Log - Valid Login Passed
2026-09-10 13:26:26,615 [main] INFO  com.erp.utilities.Log - Closing Browser
2026-09-10 17:50:29,784 [main] INFO  com.erp.utilities.Log - Launching chrome browser
2026-09-10 17:50:30,922 [main] INFO  com.erp.utilities.Log - Application URL : http://upstaging.upfcerp.com/
2026-09-10 17:50:30,962 [main] INFO  com.erp.utilities.Log - ========== E-Note Sheet Created ==========
2026-09-10 17:50:31,775 [main] INFO  com.erp.utilities.Log - Login Successful
2026-09-10 17:50:32,800 [main] INFO  com.erp.utilities.Log - click on E-Note sheet
2026-09-10 17:50:46,821 [main] INFO  com.erp.utilities.Log - Open on E-Note sheet
2026-09-10 17:50:46,933 [main] INFO  com.erp.utilities.Log - Select Category
2026-09-10 17:50:46,999 [main] INFO  com.erp.utilities.Log - Closing Browser
2026-09-10 17:51:41,176 [main] INFO  com.erp.utilities.Log - Launching chrome browser
2026-09-10 17:51:41,411 [main] INFO  com.erp.utilities.Log - Application URL : http://upstaging.upfcerp.com/
2026-09-10 17:51:41,437 [main] INFO  com.erp.utilities.Log - ========== E-Note Sheet Created ==========
2026-09-10 17:51:42,691 [main] INFO  com.erp.utilities.Log - Login Successful
2026-09-10 17:51:42,930 [main] INFO  com.erp.utilities.Log - click on E-Note sheet
2026-09-10 17:51:43,657 [main] INFO  com.erp.utilities.Log - Open on E-Note sheet
2026-09-10 17:51:43,789 [main] INFO  com.erp.utilities.Log - Select Category
2026-09-10 17:51:44,951 [main] INFO  com.erp.utilities.Log - Select Sub Category
2026-09-10 17:51:46,165 [main] INFO  com.erp.utilities.Log - Enter Document Number
2026-09-10 17:51:47,360 [main] INFO  com.erp.utilities.Log - Enter the Subject
2026-09-10 17:51:48,707 [main] INFO  com.erp.utilities.Log - Enter Note Sheet Details
2026-09-10 17:51:49,969 [main] INFO  com.erp.utilities.Log - Enter Commit
2026-09-10 17:51:52,053 [main] INFO  com.erp.utilities.Log - File Upload Successfully
2026-09-10 17:51:54,642 [main] INFO  com.erp.utilities.Log - File Add Successfully
2026-09-10 17:52:08,613 [main] INFO  com.erp.utilities.Log - Note Sheet Submit Successfully
2026-09-10 17:52:08,644 [main] INFO  com.erp.utilities.Log - Closing Browser
2026-09-10 18:10:35,319 [main] INFO  com.erp.utilities.Log - Launching chrome browser
2026-09-10 18:10:36,138 [main] INFO  com.erp.utilities.Log - Application URL : http://upstaging.upfcerp.com/
2026-09-10 18:10:36,148 [main] INFO  com.erp.utilities.Log - ========== E-Note Sheet Created ==========
2026-09-10 18:10:36,513 [main] INFO  com.erp.utilities.Log - Login Successful
2026-09-10 18:10:37,297 [main] INFO  com.erp.utilities.Log - click on E-Note sheet
2026-09-10 18:10:37,986 [main] INFO  com.erp.utilities.Log - Open on E-Note sheet
2026-09-10 18:10:38,164 [main] INFO  com.erp.utilities.Log - Select Category
2026-09-10 18:10:39,292 [main] INFO  com.erp.utilities.Log - Select Sub Category
2026-09-10 18:10:40,457 [main] INFO  com.erp.utilities.Log - Enter Document Number
2026-09-10 18:10:41,649 [main] INFO  com.erp.utilities.Log - Enter the Subject
2026-09-10 18:10:42,964 [main] INFO  com.erp.utilities.Log - Enter Note Sheet Details
2026-09-10 18:10:44,211 [main] INFO  com.erp.utilities.Log - Enter Commit
2026-09-10 18:10:46,271 [main] INFO  com.erp.utilities.Log - File Upload Successfully
2026-09-10 18:10:48,874 [main] INFO  com.erp.utilities.Log - File Add Successfully
2026-09-10 18:10:59,376 [main] INFO  com.erp.utilities.Log - Note Sheet Submit Successfully
2026-09-10 18:11:00,335 [main] INFO  com.erp.utilities.Log - Closing Browser
2026-09-10 18:20:18,125 [main] INFO  com.erp.utilities.Log - Launching chrome browser
2026-09-10 18:20:18,980 [main] INFO  com.erp.utilities.Log - Application URL : http://upstaging.upfcerp.com/
2026-09-10 18:20:18,993 [main] INFO  com.erp.utilities.Log - ========== E-Note Sheet Created ==========
2026-09-10 18:20:19,462 [main] INFO  com.erp.utilities.Log - Login Successful
2026-09-10 18:20:20,291 [main] INFO  com.erp.utilities.Log - click on E-Note sheet Module
2026-09-10 18:20:21,008 [main] INFO  com.erp.utilities.Log - Open on E-Note sheet New
2026-09-10 18:20:22,701 [main] INFO  com.erp.utilities.Log - Select Category
2026-09-10 18:20:24,302 [main] INFO  com.erp.utilities.Log - Select Sub Category
2026-09-10 18:20:24,444 [main] INFO  com.erp.utilities.Log - Enter Document Number
2026-09-10 18:20:27,610 [main] INFO  com.erp.utilities.Log - Enter the Subject
2026-09-10 18:20:29,530 [main] INFO  com.erp.utilities.Log - Enter Note Sheet Details
2026-09-10 18:20:31,787 [main] INFO  com.erp.utilities.Log - Enter Commit
2026-09-10 18:20:33,851 [main] INFO  com.erp.utilities.Log - File Upload Successfully
2026-09-10 18:20:39,086 [main] INFO  com.erp.utilities.Log - File Add Successfully
2026-09-10 18:20:44,509 [main] INFO  com.erp.utilities.Log - Note Sheet Submit Successfully
2026-09-10 18:20:44,938 [main] INFO  com.erp.utilities.Log - Note Sheet Logout Successfully
2026-09-10 18:20:44,942 [main] INFO  com.erp.utilities.Log - Closing Browser
2026-09-10 18:20:46,421 [main] INFO  com.erp.utilities.Log - Launching chrome browser
2026-09-10 18:20:48,475 [main] INFO  com.erp.utilities.Log - Application URL : http://upstaging.upfcerp.com/
2026-09-10 18:20:48,482 [main] INFO  com.erp.utilities.Log - ========== E- Note Sheet Recommendation By Accountant ==========
2026-09-10 18:20:48,745 [main] INFO  com.erp.utilities.Log - Login Successful
2026-09-10 18:20:49,658 [main] INFO  com.erp.utilities.Log - click on E-Note sheet
2026-09-10 18:20:55,214 [main] INFO  com.erp.utilities.Log - Closing Browser
2026-09-10 18:24:20,889 [main] INFO  com.erp.utilities.Log - Launching chrome browser
2026-09-10 18:24:21,654 [main] INFO  com.erp.utilities.Log - Application URL : http://upstaging.upfcerp.com/
2026-09-10 18:24:21,667 [main] INFO  com.erp.utilities.Log - ========== E-Note Sheet Created ==========
2026-09-10 18:24:22,069 [main] INFO  com.erp.utilities.Log - Login Successful
2026-09-10 18:24:22,955 [main] INFO  com.erp.utilities.Log - click on E-Note sheet Module
2026-09-10 18:24:23,692 [main] INFO  com.erp.utilities.Log - Open on E-Note sheet New
2026-09-10 18:24:25,319 [main] INFO  com.erp.utilities.Log - Select Category
2026-09-10 18:24:26,960 [main] INFO  com.erp.utilities.Log - Select Sub Category
2026-09-10 18:24:27,094 [main] INFO  com.erp.utilities.Log - Enter Document Number
2026-09-10 18:24:30,273 [main] INFO  com.erp.utilities.Log - Enter the Subject
2026-09-10 18:24:32,188 [main] INFO  com.erp.utilities.Log - Enter Note Sheet Details
2026-09-10 18:24:34,444 [main] INFO  com.erp.utilities.Log - Enter Commit
2026-09-10 18:24:36,498 [main] INFO  com.erp.utilities.Log - File Upload Successfully
2026-09-10 18:24:41,713 [main] INFO  com.erp.utilities.Log - File Add Successfully
2026-09-10 18:24:47,115 [main] INFO  com.erp.utilities.Log - Note Sheet Submit Successfully
2026-09-10 18:24:47,572 [main] INFO  com.erp.utilities.Log - Note Sheet Logout Successfully
2026-09-10 18:24:47,579 [main] INFO  com.erp.utilities.Log - Closing Browser
2026-09-10 18:24:49,218 [main] INFO  com.erp.utilities.Log - Launching chrome browser
2026-09-10 18:24:49,939 [main] INFO  com.erp.utilities.Log - Application URL : http://upstaging.upfcerp.com/
2026-09-10 18:24:49,954 [main] INFO  com.erp.utilities.Log - ========== E- Note Sheet Recommendation By Accountant ==========
2026-09-10 18:24:50,386 [main] INFO  com.erp.utilities.Log - Login Successful
2026-09-10 18:24:50,873 [main] INFO  com.erp.utilities.Log - click on E-Note sheet
2026-09-10 18:24:52,448 [main] INFO  com.erp.utilities.Log - Open on E-Note sheet Status
2026-09-10 18:24:52,538 [main] INFO  com.erp.utilities.Log - click on view Notesheet
2026-09-10 18:24:55,687 [main] INFO  com.erp.utilities.Log - Recommended Selected
2026-09-10 18:25:00,986 [main] INFO  com.erp.utilities.Log - Comment Entered
2026-09-10 18:25:06,808 [main] INFO  com.erp.utilities.Log - Recommendation Successful
2026-09-10 18:25:17,178 [main] INFO  com.erp.utilities.Log - Logout Successful
2026-09-10 18:25:17,181 [main] INFO  com.erp.utilities.Log - Closing Browser
2026-09-10 18:26:57,703 [main] INFO  com.erp.utilities.Log - Launching chrome browser
2026-09-10 18:26:58,588 [main] INFO  com.erp.utilities.Log - Application URL : http://upstaging.upfcerp.com/
2026-09-10 18:26:58,630 [main] INFO  com.erp.utilities.Log - ========== E- Note Sheet Recommendation By Accountant ==========
2026-09-10 18:26:59,008 [main] INFO  com.erp.utilities.Log - Login Successful
2026-09-10 18:26:59,330 [main] INFO  com.erp.utilities.Log - Closing Browser
2026-09-11 10:43:06,771 [main] INFO  com.erp.utilities.Log - Launching chrome browser
2026-09-11 10:43:10,997 [main] INFO  com.erp.utilities.Log - Application URL : http://upstaging.upfcerp.com/
2026-09-11 10:43:11,033 [main] INFO  com.erp.utilities.Log - ========== E-Note Sheet Test Consent ==========
2026-09-11 10:43:16,462 [main] INFO  com.erp.utilities.Log - Login Successful
2026-09-11 10:43:17,903 [main] INFO  com.erp.utilities.Log - click on E-Note sheet
2026-09-11 10:43:23,395 [main] INFO  com.erp.utilities.Log - Open on E-Note sheet Status
2026-09-11 10:43:28,504 [main] INFO  com.erp.utilities.Log - click on view Notesheet
2026-09-11 10:43:53,069 [main] INFO  com.erp.utilities.Log - Click on Consent Radio Button
2026-09-11 10:43:57,207 [main] INFO  com.erp.utilities.Log - Comment Entered by CAO
2026-09-11 10:43:59,282 [main] INFO  com.erp.utilities.Log - Submit Successfully
2026-09-11 10:44:04,244 [main] INFO  com.erp.utilities.Log - Logout Successful
2026-09-11 10:44:04,255 [main] INFO  com.erp.utilities.Log - Closing Browser
2026-09-11 11:00:34,908 [main] INFO  com.erp.utilities.Log - Launching chrome browser
2026-09-11 11:00:37,753 [main] INFO  com.erp.utilities.Log - Application URL : http://upstaging.upfcerp.com/
2026-09-11 11:00:37,790 [main] INFO  com.erp.utilities.Log - ========== E-Note Sheet Test New Status Page Started ==========
2026-09-11 11:00:39,475 [main] INFO  com.erp.utilities.Log - Login Successful
2026-09-11 11:00:39,860 [main] INFO  com.erp.utilities.Log - click on E-Note sheet
2026-09-11 11:00:41,404 [main] INFO  com.erp.utilities.Log - Open on E-Note sheet Status
2026-09-11 11:00:46,509 [main] INFO  com.erp.utilities.Log - click on view Notesheet
2026-09-11 11:00:51,929 [main] INFO  com.erp.utilities.Log - Closing Browser
2026-09-11 11:08:47,433 [main] INFO  com.erp.utilities.Log - Launching chrome browser
2026-09-11 11:08:47,926 [main] INFO  com.erp.utilities.Log - Application URL : http://upstaging.upfcerp.com/
2026-09-11 11:08:47,952 [main] INFO  com.erp.utilities.Log - ========== E-Note Sheet Test New Status Page Started ==========
2026-09-11 11:08:49,109 [main] INFO  com.erp.utilities.Log - Login Successful
2026-09-11 11:08:51,544 [main] INFO  com.erp.utilities.Log - click on E-Note sheet
2026-09-11 11:08:52,629 [main] INFO  com.erp.utilities.Log - Open on E-Note sheet Status
2026-09-11 11:09:02,726 [main] INFO  com.erp.utilities.Log - click on view Notesheet
2026-09-11 11:09:07,773 [main] INFO  com.erp.utilities.Log - Closing Browser
2026-09-11 11:52:36,707 [main] INFO  com.erp.utilities.Log - Launching chrome browser
2026-09-11 11:52:39,638 [main] INFO  com.erp.utilities.Log - Application URL : http://upstaging.upfcerp.com/
2026-09-11 11:52:39,669 [main] INFO  com.erp.utilities.Log - ========== E-Note Sheet Test New Status Page Started ==========
2026-09-11 11:52:39,940 [main] INFO  com.erp.utilities.Log - Login Successful
2026-09-11 11:52:42,089 [main] INFO  com.erp.utilities.Log - click on E-Note sheet
2026-09-11 11:52:43,267 [main] INFO  com.erp.utilities.Log - Open on E-Note sheet Status
2026-09-11 11:52:53,360 [main] INFO  com.erp.utilities.Log - click on view Notesheet
2026-09-11 11:52:57,444 [main] INFO  com.erp.utilities.Log - Select on Recommendation Radio Button
2026-09-11 11:52:58,728 [main] INFO  com.erp.utilities.Log - Comment Entered by RM
2026-09-11 11:52:59,293 [main] INFO  com.erp.utilities.Log - Submit Successfully
2026-09-11 11:52:59,522 [main] INFO  com.erp.utilities.Log - Closing Browser
